$TYPE som
$GRID_TOPOLOGY planar
$GRID_LAYOUT rectangular
$XDIM 2
$YDIM 2
$ZDIM 1
$VEC_DIM 13
$STORAGE_DATE 19/01/11 15:49
$TRAINING_TIME 
$LEARNRATE_TYPE exponential
$LEARNRATE_INIT 0.7
$NEIGHBORHOOD_TYPE exponential
$NEIGHBORHOOD_INIT 1.0
$RAND_INIT 7
$ITERATIONS_TOTAL 16000
$NR_TRAINVEC_TOTAL 16
$ADAPTIVE_COORDINATES_THRESHOLD 
$VEC_NORMALIZED false
$QUANTERROR_MAP 9.036721147626827E-10
$QUANTERROR_VEC 5.6479507172667666E-11
$URL_TRAINING_VEC /home/rudi/workspace/somtoolbox/doc/datasets/animals/animals.vec
$URL_TRAINING_VEC_DESCR 
$URL_WEIGHT_VEC /home/rudi/workspace/somtoolbox/doc/datasets/animals/../../maps/animals-ghsom/animals-ghsom_submap_lvl2_0x0.wgt
$URL_QUANTERR_MAP 
$URL_MAPPED_INPUT_VEC 
$URL_MAPPED_INPUT_VEC_DESCR 
$URL_UNIT_DESCR /home/rudi/workspace/somtoolbox/doc/datasets/animals/../../maps/animals-ghsom/animals-ghsom_submap_lvl2_0x0.unit
$URL_TEMPLATE_VECTOR /home/rudi/workspace/somtoolbox/doc/datasets/animals/animals.tv
$URL_DATA_WINNER_MAPPING /home/rudi/workspace/somtoolbox/doc/datasets/animals/../../maps/animals-ghsom/animals-ghsom_submap_lvl2_0x0.dwm
$URL_CLASS_INFO 
$URL_LABELS 
$METRIC at.tuwien.ifs.somtoolbox.layers.metrics.L2Metric
$LAYER_REVISION $Revision: 3978 $
$DESCRIPTION 
$AVAILABLE_VIS 
$DATA_TYPE 
$DATA_DIM 
