$TYPE som
$GRID_TOPOLOGY planar
$GRID_LAYOUT rectangular
$XDIM 3
$YDIM 3
$ZDIM 1
$VEC_DIM 96
$STORAGE_DATE 2019/11/30 ¤W¤È 11:05
$TRAINING_TIME 
$LEARNRATE_TYPE exponential
$LEARNRATE_INIT 0.7
$NEIGHBORHOOD_TYPE exponential
$NEIGHBORHOOD_INIT 1.0
$RAND_INIT 7
$ITERATIONS_TOTAL 20000
$NR_TRAINVEC_TOTAL 5712
$ADAPTIVE_COORDINATES_THRESHOLD 
$VEC_NORMALIZED true
$QUANTERROR_MAP 14.314437534964535
$QUANTERROR_VEC 0.0025060289802108777
$URL_TRAINING_VEC C:\Users\soslab\Desktop\HiSeqGAN-System\.\applications\wpg-4\GHSOM/\./data/wpg-4-item-seq_ghsom.in
$URL_TRAINING_VEC_DESCR 
$URL_WEIGHT_VEC C:\Users\soslab\Desktop\HiSeqGAN-System\.\applications\wpg-4\GHSOM/\./output/wpg-4-item-seq\wpg-4-item-seq_submap_lvl3_2x0_2x1.wgt
$URL_QUANTERR_MAP 
$URL_MAPPED_INPUT_VEC 
$URL_MAPPED_INPUT_VEC_DESCR 
$URL_UNIT_DESCR C:\Users\soslab\Desktop\HiSeqGAN-System\.\applications\wpg-4\GHSOM/\./output/wpg-4-item-seq\wpg-4-item-seq_submap_lvl3_2x0_2x1.unit
$URL_TEMPLATE_VECTOR null
$URL_DATA_WINNER_MAPPING C:\Users\soslab\Desktop\HiSeqGAN-System\.\applications\wpg-4\GHSOM/\./output/wpg-4-item-seq\wpg-4-item-seq_submap_lvl3_2x0_2x1.dwm
$URL_CLASS_INFO 
$URL_LABELS 
$METRIC at.tuwien.ifs.somtoolbox.layers.metrics.L2Metric
$LAYER_REVISION $Revision: 4300 $
$DESCRIPTION 
$AVAILABLE_VIS 
$DATA_TYPE unknown
$DATA_DIM 
